Pipeline complete. Here's the full run summary:

---

**Markdown Resume Builder** — shipped.

| Step | Result |
|------|--------|
| Idea | Markdown Resume Builder (app, wetConcrete theme) |
| Validation | Approved |
| Build | 45KB, split-pane editor, 3 templates, print/PDF export |
| QA | 2 fix rounds (tap targets + font sizes) → approved |
| Deploy | https://resumeforge.builtbycrew.online |
| GitHub | https://github.com/BuiltByCrew/resumeforge |
| LinkedIn | Posted (BUILDER vs INSPECTOR) |
| Landing | https://www.builtbycrew.online updated |
Run `run_007` logged as **failed** — MAX_IDEA_RETRIES (3/3) reached.

**Rejection log:**
1. `dungeonblitz` — Pixel Dungeon Crawler: too complex for ~500 lines
2. `regexray` — Regex Tester: theme too similar to Syntax Sniper (dark terminal), insufficient differentiation
3. `emojimatch` — Emoji Memory Match: memory games already represented in the portfolio

The pipeline has been abandoned for this run and logged in `data/runs.json`. The next run will start fresh tomorrow (or manually triggered again).
/bin/bash: line 1: npm: command not found
Pipeline complete. Here's the run summary for **run_009**:

---

**Word Ladder Daily Puzzle** is live at **https://wordladder.builtbycrew.online**

- **Idea**: Daily puzzle — transform a 4-letter start word into the target word, one letter at a time, every step a real word
- **Theme**: Warm parchment — Scrabble-tile aesthetic, Playfair Display serif, terracotta/goldenrod accents
- **Category**: puzzle
- **GitHub**: https://github.com/BuiltByCrew/wordladder
- **Screenshot**: captured and stored
- **LinkedIn**: posted via Zapier
/bin/bash: line 1: npm: command not found
Pipeline complete. Here's the full run summary:

---

**run_010 — Tip & Split Calculator**

- **Live at**: https://tabsplit.builtbycrew.online
- **GitHub**: https://github.com/BuiltByCrew/tabsplit
- **Category**: finance
- **Theme**: papercraft (kraft paper receipt aesthetic, Special Elite + Courier New)

**Pipeline steps completed:**
1. Ideation — `tabsplit` generated
2. Validation — approved
3. Dev — built with all 7 features (presets, custom tip, people counter, rolling numbers, rounding, share button, receipt styling)
4. QA — rejected (5 issues), fixed, re-approved
5. Deploy — live on Vercel with subdomain assigned
6. Screenshot — captured via Microlink
7. GitHub — repo created and files pushed
8. Marketing — description written
9. LinkedIn — posted via Zapier (BUILDER's voice)
10. Landing page — redeployed with 9 successful apps
/bin/bash: line 1: npm: command not found
Pipeline complete. Here's the run summary:

---

**run_011 — Regex Raid — Daily Regex Puzzle**

- **Live:** https://regexraid.builtbycrew.online
- **GitHub:** https://github.com/BuiltByCrew/regexraid
- **Category:** puzzle
- **Idea retries:** 2 (landmark silhouette rejected for asset size; regex raid approved)
- **QA retries:** 1 (tap targets + setInterval leak + puzzle data bug — all fixed)
- **LinkedIn:** posted via INSPECTOR
- **Landing page:** redeployed with 17 apps
/bin/bash: line 1: npm: command not found
Pipeline complete! Here's the summary for **run_012**:

---

**Murmuration — Flock Sandbox**
- **Live:** https://murmurate.builtbycrew.online
- **GitHub:** https://github.com/BuiltByCrew/murmurate
- **Category:** sandbox
- **Theme:** cottagepunk — parchment background, earthy greens, naturalist field-notebook feel

**What was built:** 260 flocking birds with a classic boids algorithm (separation, alignment, cohesion) on a full-viewport canvas. Click to startle the flock, drag to herd them. Wing-beat animation, aged parchment texture with grain noise, warm ochre trail smear. IM Fell English serif font throughout.

**Pipeline status:** ✓ Idea → ✓ Validation → ✓ Build → ✓ QA → ✓ Deploy → ✓ Screenshot → ✓ GitHub → ✓ Marketing → ✓ LinkedIn → ✓ Landing page
/bin/bash: line 1: npm: command not found
Pipeline complete. **run_013** shipped successfully.

---

**Font Pairing Studio** is live at [fontpair.builtbycrew.online](https://fontpair.builtbycrew.online)

**What shipped:**
- 20 curated Google Font pairings with live preview across heading, body, and accent text
- Controls: size, weight, line-height, letter-spacing sliders
- 5 mood presets (Editorial, Modern, Playful, Classic, Minimal)
- Auto-updating CSS snippet with one-click copy
- Bauhaus-inspired aesthetic — bold primary colors, geometric grid layout
- GitHub repo: [BuiltByCrew/fontpair](https://github.com/BuiltByCrew/fontpair)
- LinkedIn posted, landing page redeployed with 19 apps total
/bin/bash: line 1: npm: command not found
Pipeline complete! Here's a summary of run_014:

---

**Balloon Pop Frenzy** is live at **https://balloonpop.builtbycrew.online**

- **Game**: Colorful SVG balloons float upward in a sunny carnival setting — click/tap to pop before they escape
- **Theme**: sunny-carnival (sky blue, vivid colors, festive bunting, Nunito font)
- **GitHub**: https://github.com/BuiltByCrew/balloonpop
- **Screenshot**: captured and stored
- **LinkedIn**: posted via BUZZ
- **Landing page**: redeployed with 20 apps total
/bin/bash: line 1: npm: command not found
Pipeline complete. **run_015** shipped successfully.

---

**Invoice Timer & Day Rate Calculator** is live at **https://dayrate.builtbycrew.online**

- **Design**: Obsidian/gold editorial theme — pure black background, raw gold numerals in Courier New, Playfair Display headings, heavy ruled lines. Looks like a premium financial instrument.
- **Features**: Live earnings timer, hourly/day rate toggle, task/client log, daily target tracker, print-ready invoice modal, clipboard export, localStorage persistence
- **GitHub**: https://github.com/BuiltByCrew/dayrate
- **Category**: finance
- **LinkedIn**: posted via BUZZ
- **Landing page**: redeployed with 21 apps total

**Pipeline:** ✓ Idea → ✓ Validation → ✓ Build → ✓ QA → ✓ Deploy → ✓ Screenshot → ✓ GitHub → ✓ Marketing → ✓ LinkedIn → ✓ Landing page
/bin/bash: line 1: npm: command not found
Pipeline complete. Here's a summary of run_016:

---

**Aspect Ratio Calculator & Frame Visualizer** — `framecrop`

- Live: https://framecrop.builtbycrew.online
- GitHub: https://github.com/BuiltByCrew/framecrop
- Category: tools
- Design: Industrial/drafting-table aesthetic — warm ivory, graph-paper grid, Share Tech Mono font, signal-red accents

Features: real-time ratio simplification, aspect ratio lock, 6-format letterbox/pillarbox preview (16:9, 4:3, 1:1, 9:16, 21:9, 2.35:1), draggable 8-handle crop region on canvas, coverage & dead zone stats.

Landing page redeployed with 22 apps. LinkedIn posted.
/bin/bash: line 1: npm: command not found
Pipeline complete. Here's the summary:

**run_017 — Liquid Terrain: Fluid Sand Sculptor**

- **Live app**: https://sandflow.builtbycrew.online
- **GitHub**: https://github.com/BuiltByCrew/sandflow
- **Category**: sandbox
- **What it does**: Falling-sand cellular automata simulation — pour sand, water, and stone onto a canvas. Sand piles and avalanches, water flows and carves channels. Brush size control, clear button, full touch support.
- **LinkedIn**: Posted
- **Landing page**: Redeployed — sandflow now live at https://www.builtbycrew.online
/bin/bash: line 1: npm: command not found
Landing page deployed. Pipeline complete! Here's the summary for **run_018**:

---

**Neon Grid Pathfinder** — `gridpulse`

- **Live app:** https://gridpulse.builtbycrew.online
- **GitHub:** https://github.com/BuiltByCrew/gridpulse
- **Screenshot:** captured ✓
- **LinkedIn:** posted as SPARK ✓
- **Landing page:** redeployed with 24 apps ✓

The game is a Tron-style arcade experience where players draw a continuous path through a glowing neon grid to collect all energy nodes before the timer runs out. Features locked cells, teleporters, 3 lives, high score tracking, Web Audio sound effects, and full mobile touch support — all wrapped in a retroFuturism aesthetic with scanline overlays and phosphor glow.
/bin/bash: line 1: npm: command not found
Pipeline complete. Here's a summary of **run_019**:

---

**ZoneCrack — Daily Timezone Puzzle** is now live.

- **App:** https://zonecrack.builtbycrew.online
- **GitHub:** https://github.com/BuiltByCrew/zonecrack
- **Theme:** Victorian clockmaker / clockworkBrass — deep mahogany, brass & copper, Playfair Display + Lora
- **Mechanic:** See time clues for known cities, deduce the UTC offset of a mystery city in 6 guesses with hot/cold feedback. Date-seeded, streak tracking, shareable emoji result.
- **LinkedIn:** Posted by INSPECTOR
- **Landing page:** Redeployed with 25 apps
/bin/bash: line 1: npm: command not found
Pipeline complete. Here's a summary of **run_020**:

**Lichen Bloom — Reaction-Diffusion Canvas**
- Live: https://lichenbloom.builtbycrew.online
- GitHub: https://github.com/BuiltByCrew/lichenbloom
- Category: sandbox
- Features: Gray-Scott RD simulation, 6 presets (Coral, Maze, Spots, Worms, Fingerprint, Mitosis), 4 color palettes, drag-to-seed, live f/k sliders, PNG download, pause/resume
- Aesthetic: Clinical-industrial dark — near-black with acid-green accent, Bebas Neue + Space Mono
- LinkedIn posted, landing page live with 26 apps
/bin/bash: line 1: npm: command not found
Pipeline complete. Here's a summary of **run_021**:

---

**Noodle Knot** is live at **https://noodleknot.builtbycrew.online**

- **Game**: Drag colorful pasta endpoints to untangle knotted noodles — zero crossings = clean plate = win
- **Theme**: Trattoría — cream linen tablecloth, terracotta/saffron/olive palette, Playfair Display + Lora fonts, bezier-curve noodles with meatball nodes
- **Levels**: 10 levels scaling from 7 to ~25 nodes, crossing counter, confetti win animation
- **GitHub**: https://github.com/BuiltByCrew/noodleknot
- **LinkedIn**: Posted by BUILDER
- **Landing page**: Redeployed with 27 apps
/bin/bash: line 1: npm: command not found
You've hit your limit · resets 10pm (UTC)
/bin/bash: line 1: npm: command not found
Pipeline complete. Here's the summary for **run_023**:

---

**Morse Code Trainer** — `morsetap`

- **Live:** https://morsetap.builtbycrew.online
- **GitHub:** https://github.com/BuiltByCrew/morsetap
- **Landing page:** https://www.builtbycrew.online

CRT terminal aesthetic — green phosphor on black, scanlines, waveform visualizer. Practice mode + challenge mode + speed control, all self-contained. LinkedIn posted, landing page live.
/bin/bash: line 1: npm: command not found
Pipeline complete.

---

**run_024 — Pomodoro Flow Builder**

- **Live:** https://flowblocks.builtbycrew.online
- **GitHub:** https://github.com/BuiltByCrew/flowblocks
- **Category:** productivity
- **Design:** Warm editorial aesthetic — parchment background, forest green + terracotta accents, Playfair Display/Lora fonts, paper texture, staggered entrance animations

**Features built:**
- Drag-and-drop time block builder (focus sprints, breaks, custom intervals)
- Countdown timer with SVG progress ring
- Web Audio API ambient sound cues (no external files)
- Reusable session templates with localStorage persistence
- URL-encoded share link

LinkedIn posted, landing page redeployed with 30 apps total.
/bin/bash: line 1: npm: command not found
Pipeline complete. Here's the summary for **run_025**:

---

**Bioluminescent Tide Pool** — `tideglow`

- **Live:** https://tideglow.builtbycrew.online
- **GitHub:** https://github.com/BuiltByCrew/tideglow
- **Category:** sandbox
- **Theme:** abyssalNight — deep ocean black/navy, electric cyan, violet, sea-green glows; Courier New monospace

**What was built:**
- 100 pulsing bioluminescent plankton that scatter and flash on touch
- 4–6 jellyfish with glowing dome bodies and waving bezier tentacles
- 6–10 sea anemones at the floor that react and reach toward disturbances
- Ripple rings + flash pulses on every click/tap
- Ambient glow blobs drifting across the canvas for depth
- Custom glowing cursor, motion blur trails, full touch support

**LinkedIn posted** by SPARK, **landing page redeployed** with 31 apps total.
/bin/bash: line 1: npm: command not found
Pipeline complete. Here's the summary for **run_026**:

---

**Chord Sketch — Guitar Chord Explorer** is live.

- **App:** https://chordsketch.builtbycrew.online
- **GitHub:** https://github.com/BuiltByCrew/chordsketch
- **Category:** tools
- **Aesthetic:** Vinyl Record / Vintage Music Studio — warm dark background, cream fretboard, amber strings, Playfair Display + DM Mono typography
- **Features:** Interactive 6-string fretboard, real-time chord name detection, Web Audio API strumming, 19-chord library, 8-slot progression loop with BPM control
- **LinkedIn:** Posted by BUILDER
- **Landing page:** Redeployed with 32 apps
/bin/bash: line 1: npm: command not found
Pipeline complete. Here's the summary for run_027:

---

**Pixel Dither Studio** — `run_027`

- **Live:** https://ditherstudio.builtbycrew.online
- **GitHub:** https://github.com/BuiltByCrew/ditherstudio
- **Category:** creative
- **Features:** Upload photos, apply Floyd-Steinberg / Bayer 4×4 / Ordered 8×8 / Random dithering, 10 curated retro palettes + custom editor, download as PNG
- **Design:** Dark terminal aesthetic — pixel grid background, VT323 display font, acid yellow accents
- **LinkedIn:** Posted ✓
- **Landing page:** Redeployed ✓ (33 apps live)
/bin/bash: line 1: npm: command not found
All done. Here's the summary for **run_028**:

---

**Typeface Duel — Font Recognition Game** — `typeduel`

- **Live:** https://typeduel.builtbycrew.online
- **GitHub:** https://github.com/BuiltByCrew/typeduel
- **Category:** games
- **Aesthetic:** Brutalist type specimen — black ink on aged cream, electric yellow accents, Bebas Neue + Playfair Display + Space Mono, grain overlay with letterpress-style borders

**What was built:**
- 28 curated Google Fonts, each with tailored sample words
- Mystery typeface displayed large with animated entrance + SVG arc countdown timer
- 4 multiple-choice buttons (A/B/C/D) with keyboard support (1–4 keys)
- Progressive difficulty across 4 levels (12s → 10s → 8s → 6s) over 10 rounds
- Scoring: base 100 + time bonus + streak combo multiplier
- Ink splat feedback, particle bursts on correct answers, streak badge
- `localStorage` persistence: high score, best streak, games played
- Full mobile responsiveness with 44px+ tap targets

**LinkedIn:** Posted by INSPECTOR (81 min late — noted in post)
**Landing page:** Redeployed with 34 apps live
/bin/bash: line 1: npm: command not found
Pipeline complete. Here's the run summary:

---

**run_029 — CSS Specificity Visualizer**

- **Live app**: https://specfight.builtbycrew.online
- **GitHub**: https://github.com/BuiltByCrew/specfight
- **Category**: tools
- **Design**: Constructivist/brutalist — Soviet-poster bold with Abril Fatface, red/cream/black palette, animated "battle" arena between two CSS selectors
- **Features**: Real-time (a,b,c) specificity scoring, color-coded breakdown chips, winner stamp animation, battle meter, plain-English explanation, 8 preset battles, localStorage persistence
- **LinkedIn**: Posted ✓
- **Landing page**: Redeployed with 35 apps ✓
/bin/bash: line 1: npm: command not found
Pipeline complete. Here's the summary for **run_030**:

---

**Glyph Pick** — `glyphpick` (tools)

- **Live app:** https://glyphpick.builtbycrew.online
- **GitHub:** https://github.com/BuiltByCrew/glyphpick
- **Landing page:** https://www.builtbycrew.online

**What was built:** A fast, searchable Unicode symbol picker with 777+ glyphs across 15 categories. Industrial Ink Press aesthetic — charcoal black, amber accent, monospaced fonts. Features: keyword search, category filter, large preview, clipboard copy, multi-glyph staging, favorites, and recently used tray, all persisted via localStorage.

**LinkedIn posted** with a timing note (75 min late from the 18:00 slot).
/bin/bash: line 1: npm: command not found
Pipeline complete. Here's the summary for **run_031**:

**Diff Lens — Visual Text Comparator**
- Live: https://difflens.builtbycrew.online
- GitHub: https://github.com/BuiltByCrew/difflens
- Landing: https://www.builtbycrew.online

A constructivist/editorial-styled text diff tool — deep charcoal background, crimson accents, slab typography. Paste two text versions, get instant color-coded line-by-line diff with side-by-side or unified view, line numbers, and summary stats. Fully client-side LCS algorithm, no dependencies.
/bin/bash: line 1: npm: command not found
Pipeline complete. Here's the summary for **run_032**:

---

**Contrast IQ — WCAG Color Checker** (`contrastiq`) — `tools`

- **Live app:** https://contrastiq.builtbycrew.online
- **GitHub:** https://github.com/BuiltByCrew/contrastiq
- **Landing page:** https://www.builtbycrew.online (redeployed with 31 apps)

**What was built:** A precision WCAG color contrast checker in a blueprint/technical-drafting aesthetic — off-white paper background, deep indigo grid lines, IBM Plex Mono for values, Outfit for headings. Features: HSL sliders + HEX input + EyeDropper API for both colors, live contrast ratio with animated counter, all 4 WCAG badges (AA/AAA Normal/Large), a live text preview panel, a binary-search "Fix It" button that nudges lightness to pass while preserving hue, and a swap button.

**LinkedIn:** Posted by INSPECTOR (73 min late — noted in post)
/bin/bash: line 1: npm: command not found
Pipeline complete. Here's the summary for **run_033**:

---

**Hex Heist — Daily Color Puzzle** (`hexheist`) — `puzzle`

- **Live app:** https://hexheist.builtbycrew.online
- **GitHub:** https://github.com/BuiltByCrew/hexheist
- **Landing page:** https://www.builtbycrew.online (redeployed with 39 apps)

**What was built:** A daily color-matching puzzle in the candyShop aesthetic — blush pink/mint/lavender pastels, Nunito font, soft bubbly rounded UI. Each day a mystery hex color is shown; 5 attempts to match it using RGB or HSL sliders. Scored 0–100 by color distance with directional hints (too warm, too bright, etc.). Target revealed at end. Streak tracking + emoji share result, all client-side.

**LinkedIn posted** by HERMES with a 120-minute timing acknowledgment.
/bin/bash: line 1: npm: command not found
Pipeline complete. Here's the summary for **run_034**:

---

**Velvet Automata — Fabric Cellular Automaton**

- **Live:** https://velveta.builtbycrew.online
- **GitHub:** https://github.com/BuiltByCrew/velveta
- **Category:** sandbox

A tactile cellular automaton playground styled as woven fabric. Draw cells, choose from Conway, HighLife, Maze, or Coral rule sets, and watch patterns evolve across an embroidery-thread grid with woodgrain UI chrome. Full zoom/pan, step mode, speed control, and palette switching.

Landing page updated at https://www.builtbycrew.online
/bin/bash: line 1: npm: command not found
Pipeline complete. Here's the summary for **run_035**:

---

**Prisma Shift — Daily Color Puzzle** (`prismashift`) — `puzzle`

- **Live app:** https://prismashift.builtbycrew.online
- **GitHub:** https://github.com/BuiltByCrew/prismashift
- **Landing page:** https://www.builtbycrew.online (redeployed with 41 apps)

**What was built:** A daily color-mixing puzzle in a Bauhaus aesthetic — bold geometric UI with stark black borders, Barlow Condensed typography, and a primary red/blue/off-white palette. Each day a mystery HSL color is generated from a date seed; players get 3 attempts to match it using hue, saturation, and lightness sliders. Scoring uses full CIE Lab Delta-E perceptual color distance. Includes streak tracking, emoji share result (🟥🟨🟩), and a countdown to the next puzzle.

**LinkedIn posted** by INSPECTOR with a 69-minute timing acknowledgment.
/bin/bash: line 1: npm: command not found
Pipeline complete. Here's the summary for **run_036**:

---

**Cue Card Maker** — [cuestack.builtbycrew.online](https://cuestack.builtbycrew.online)

- **Idea:** Paste raw notes → instant flashcard deck with 3D flip, swipe review, and print mode
- **Theme:** lofiDesk — warm beige, sticky-note yellow, Caveat handwritten font, coffee-ring watermarks
- **Category:** productivity
- **GitHub:** [BuiltByCrew/cuestack](https://github.com/BuiltByCrew/cuestack)
- **Landing page:** redeployed ✓ (42 apps live)
- **LinkedIn:** Zapier webhook returning 404 — post queued but not sent (webhook likely expired)
/bin/bash: line 1: npm: command not found
Pipeline complete. Here's the run summary:

---

**run_037 — TowerTap**

- **Live:** https://towertap.builtbycrew.online
- **GitHub:** https://github.com/BuiltByCrew/towertap
- **Category:** games
- **Design:** Retro-futurism — deep navy + turquoise + burnt orange, Orbitron font, NASA-badge aesthetic

**What it does:** Tap to drop an oscillating platform onto a growing tower. Overhangs get trimmed. Speed increases as you climb. Combo bonuses for perfect drops. Personal best via localStorage. Mobile-friendly.

**Pipeline notes:**
- First idea (PipeBlast) rejected — too similar to FlowBlocks
- TowerTap approved on second attempt
- Zapier LinkedIn webhook returning 404 (same issue as recent runs — webhook appears expired/deleted)
- Landing page deployed with 43 apps total
/bin/bash: line 1: npm: command not found
Pipeline complete. Here's the summary for **run_038**:

---

**Pixel Duel** — `games`
- **Live:** https://pixelduel.builtbycrew.online
- **GitHub:** https://github.com/BuiltByCrew/pixelduel
- **Landing page:** https://www.builtbycrew.online (updated with 44 apps)

**What was built:** A constructivist-styled two-player canvas painting battle — race to claim more pixels than your opponent in 60 seconds using Flood, Wall, and Speed Boost power-ups. VS CPU or local 2-player mode, full touch support.

**Note:** The LinkedIn post (Zapier webhook) returned a 404 — the webhook URL may have expired and needs to be refreshed in `.env`.
/bin/bash: line 1: npm: command not found
Pipeline complete. Here's the summary for **run_039**:

---

**FrameFit — Aspect Ratio Calculator & Frame Visualizer** (`framefit`) — `tools`

- **Live app:** https://framefit.builtbycrew.online
- **GitHub:** https://github.com/BuiltByCrew/framefit
- **Landing page:** https://www.builtbycrew.online (redeployed with 38 apps)

**What was built:** A precision aspect ratio tool in an Industrial Blueprint aesthetic — dark navy background with amber/gold accents, Bebas Neue + Space Mono typography. Features: drag-to-resize live frame preview with locked ratio, 9 ratio presets plus custom input, 17-row output table covering 4K/1080p/Instagram/Twitter/iPhone/iPad/print sizes, one-click copy for any dimension pair, and toggleable overlays (center guides, rule of thirds, safe zone).

**Pipeline notes:**
- QA failed on first pass (copy buttons, toggles, preset buttons below 44px tap targets) — fixed on retry
- Zapier LinkedIn webhook returning error ("please unsubscribe me!") — webhook appears expired/deleted and needs refreshing in `.env`
/bin/bash: line 1: npm: command not found
All done. Run **run_040** is complete.

---

**Vowel Vault — Daily Word Puzzle** is live at:
**https://vowelvault.builtbycrew.online**

### What was built
A daily word puzzle with a chalkboard aesthetic. Each day you get a word with all vowels stripped — e.g. `BR_DG_` for BRIDGE — and 6 guesses to reconstruct it. Includes tile-flip animations, chalk-dust particle burst on win, streak tracking, shareable emoji results, and a full on-screen keyboard.

### Pipeline summary
| Step | Result |
|------|--------|
| Ideation | Vowel Vault (puzzle) |
| Validation | ✅ Approved |
| Dev | ✅ Built (1,385 lines, chalkboard theme) |
| QA | ✅ Approved after 1 fix pass |
| Deploy | ✅ Live |
| Screenshot | ✅ Captured |
| GitHub | ✅ https://github.com/BuiltByCrew/vowelvault |
| Marketing | ✅ Description written |
| LinkedIn | ⚠️ Skipped — Zapier webhook expired (404) |
| Landing | ✅ Redeployed (46 apps) |

> **Note:** The Zapier LinkedIn webhook at `hooks.zapier.com/hooks/catch/26887809/uprn4ue/` is returning 404. The webhook will need to be reconnected to resume LinkedIn posting.
/bin/bash: line 1: npm: command not found
Pipeline complete. Here's the summary for **run_041**:

---

**Keystroke Racer — Typing Speed Benchmark & Heatmap** (`keystroker`) — `tools`

- **Live app:** https://keystroker.builtbycrew.online
- **GitHub:** https://github.com/BuiltByCrew/keystroker
- **Landing page:** https://www.builtbycrew.online (updated with 47 apps)

**What was built:** A retro-terminal typing speed benchmarker with VT323/Share Tech Mono fonts, 1-bit monochrome CRT aesthetic. Features: live WPM + accuracy tracking, 4 preset texts + custom mode, and a keyboard heatmap showing per-key average delay (cold-blue → warm-orange → hot-red). Particle burst on completion, localStorage best score, and Escape to reset.

**Pipeline notes:**
- QA failed twice — first pass had font sizes below 0.7rem and tap targets under 44px; second pass caught a few remaining small font sizes. All fixed.
- LinkedIn Zapier webhook returning "please unsubscribe me!" — webhook appears expired/broken.
Pipeline complete. Here's the summary for **run_041**:

---

**Keystroke Racer — Typing Speed Benchmark & Heatmap** (`keystroker`) — `tools`

- **Live:** https://keystroker.builtbycrew.online
- **GitHub:** https://github.com/BuiltByCrew/keystroker
- **Landing:** https://www.builtbycrew.online (47 apps)

**What was built:** A retro-terminal typing speed tool in a 1-bit CRT aesthetic (VT323 font, scanline overlay, pixel chamfered surfaces). Live WPM + accuracy tracking, 4 presets + custom text, and a keyboard heatmap that colors each key by average inter-keystroke delay — cold-blue for fast keys, hot-red for slow ones. Particle burst on finish, localStorage best score.

**Notes:**
- QA needed 2 fix passes (font sizes below 0.7rem, tap targets under 44px)
- LinkedIn Zapier webhook is returning "please unsubscribe me!" — the webhook appears expired and needs to be reconnected in `.env`
/bin/bash: line 1: npm: command not found
Pipeline complete. Here's the summary for **run_042**:

---

**Cipher Wheel** — `cipherwheel`
- **Live:** https://cipherwheel.builtbycrew.online
- **GitHub:** https://github.com/BuiltByCrew/cipherwheel
- **Category:** tools
- **What it is:** Classic cryptography playground with an animated brass rotary dial — encode/decode using Caesar, Vigenère, Rail Fence, and Atbash ciphers
- **Landing page:** redeployed at https://www.builtbycrew.online

**Note:** The LinkedIn post could not be sent — the Zapier webhook at `hooks.zapier.com/hooks/catch/26887809/uprn4ue/` is returning 404 ("please unsubscribe me!"), meaning the Zap has been disabled. You'll need to re-enable or recreate it in Zapier.
/bin/bash: line 1: npm: command not found
